// Vitest Snapshot v1, https://vitest.dev/guide/snapshot.html

exports[`parseTracksXml returns array of tracks 1`] = `
[
  {
    "id": 0,
    "langCode": "ar",
    "langDefault": false,
    "langOriginal": "العربية",
    "langTranslated": "Arabic",
    "name": "",
  },
  {
    "id": 2,
    "langCode": "bn",
    "langDefault": false,
    "langOriginal": "বাংলা",
    "langTranslated": "Bangla",
    "name": "",
  },
  {
    "id": 1,
    "langCode": "bg",
    "langDefault": false,
    "langOriginal": "Български",
    "langTranslated": "Bulgarian",
    "name": "",
  },
  {
    "id": 3,
    "langCode": "ca",
    "langDefault": false,
    "langOriginal": "Català",
    "langTranslated": "Catalan",
    "name": "",
  },
  {
    "id": 54,
    "langCode": "zh-HK",
    "langDefault": false,
    "langOriginal": "中文（香港）",
    "langTranslated": "Chinese (Hong Kong)",
    "name": "",
  },
  {
    "id": 53,
    "langCode": "zh-CN",
    "langDefault": false,
    "langOriginal": "中文（简体）",
    "langTranslated": "Chinese (Simplified)",
    "name": "",
  },
  {
    "id": 55,
    "langCode": "zh-TW",
    "langDefault": false,
    "langOriginal": "中文（繁體）",
    "langTranslated": "Chinese (Traditional)",
    "name": "",
  },
  {
    "id": 21,
    "langCode": "hr",
    "langDefault": false,
    "langOriginal": "Hrvatski",
    "langTranslated": "Croatian",
    "name": "",
  },
  {
    "id": 4,
    "langCode": "cs",
    "langDefault": false,
    "langOriginal": "Čeština",
    "langTranslated": "Czech",
    "name": "",
  },
  {
    "id": 5,
    "langCode": "da",
    "langDefault": false,
    "langOriginal": "Dansk",
    "langTranslated": "Danish",
    "name": "",
  },
  {
    "id": 33,
    "langCode": "nl-BE",
    "langDefault": false,
    "langOriginal": "Nederlands (België)",
    "langTranslated": "Dutch (Belgium)",
    "name": "",
  },
  {
    "id": 34,
    "langCode": "nl-NL",
    "langDefault": false,
    "langOriginal": "Nederlands (Nederland)",
    "langTranslated": "Dutch (Netherlands)",
    "name": "",
  },
  {
    "id": 8,
    "langCode": "en-GB",
    "langDefault": true,
    "langOriginal": "English (United Kingdom)",
    "langTranslated": "English (United Kingdom)",
    "name": "",
  },
  {
    "id": 9,
    "langCode": "en-US",
    "langDefault": false,
    "langOriginal": "English (United States)",
    "langTranslated": "English (United States)",
    "name": "CC",
  },
  {
    "id": 12,
    "langCode": "et",
    "langDefault": false,
    "langOriginal": "Eesti",
    "langTranslated": "Estonian",
    "name": "",
  },
  {
    "id": 15,
    "langCode": "fil",
    "langDefault": false,
    "langOriginal": "Filipino",
    "langTranslated": "Filipino",
    "name": "",
  },
  {
    "id": 14,
    "langCode": "fi",
    "langDefault": false,
    "langOriginal": "Suomi",
    "langTranslated": "Finnish",
    "name": "",
  },
  {
    "id": 16,
    "langCode": "fr-BE",
    "langDefault": false,
    "langOriginal": "Français (Belgique)",
    "langTranslated": "French (Belgium)",
    "name": "",
  },
  {
    "id": 17,
    "langCode": "fr-CA",
    "langDefault": false,
    "langOriginal": "Français (Canada)",
    "langTranslated": "French (Canada)",
    "name": "",
  },
  {
    "id": 18,
    "langCode": "fr-FR",
    "langDefault": false,
    "langOriginal": "Français (France)",
    "langTranslated": "French (France)",
    "name": "",
  },
  {
    "id": 6,
    "langCode": "de",
    "langDefault": false,
    "langOriginal": "Deutsch",
    "langTranslated": "German",
    "name": "",
  },
  {
    "id": 7,
    "langCode": "el",
    "langDefault": false,
    "langOriginal": "Ελληνικά",
    "langTranslated": "Greek",
    "name": "",
  },
  {
    "id": 19,
    "langCode": "gu",
    "langDefault": false,
    "langOriginal": "ગુજરાતી",
    "langTranslated": "G     ujarati",
    "name": "",
  },
  {
    "id": 24,
    "langCode": "iw",
    "langDefault": false,
    "langOriginal": "עברית",
    "langTranslated": "Hebrew",
    "name": "",
  },
  {
    "id": 20,
    "langCode": "hi",
    "langDefault": false,
    "langOriginal": "हिन्दी",
    "langTranslated": "Hindi",
    "name": "",
  },
  {
    "id": 22,
    "langCode": "i     d",
    "langDefault": false,
    "langOriginal": "Indonesia",
    "langTranslated": "Indonesian",
    "name": "",
  },
  {
    "id": 23,
    "langCode": "it",
    "langDefault": false,
    "langOriginal": "Italiano",
    "langTranslated": "Italian",
    "name": "",
  },
  {
    "id": 25,
    "langCode": "ja",
    "langDefault": false,
    "langOriginal": "日本語",
    "langTranslated": "Japanese",
    "name": "",
  },
  {
    "id": 26,
    "langCode": "kn",
    "langDefault": false,
    "langOriginal": "ಕನ್ನಡ",
    "langTranslated": "Kannada",
    "name": "",
  },
  {
    "id": 27,
    "langCode": "ko",
    "langDefault": false,
    "langOriginal": "한국어",
    "langTranslated": "Korean",
    "name": "",
  },
  {
    "id": 29,
    "langCode": "lv",
    "langDefault": false,
    "langOriginal": "Latviešu",
    "langTranslated": "Latvian",
    "name": "",
  },
  {
    "id": 28,
    "langCode": "lt",
    "langDefault": false,
    "langOriginal": "Lietuvių",
    "langTranslated": "Lithuanian",
    "name": "",
  },
  {
    "id": 32,
    "langCode": "ms",
    "langDefault": false,
    "langOriginal": "Melayu",
    "langTranslated": "Malay",
    "name": "",
  },
  {
    "id": 30,
    "langCode": "ml",
    "langDefault": false,
    "langOriginal": "മലയാളം",
    "langTranslated": "Malayalam",
    "name": "",
  },
  {
    "id": 31,
    "langCode": "mr",
    "langDefault": false,
    "langOriginal": "मराठी",
    "langTranslated": "Marathi",
    "name": "",
  },
  {
    "id": 35,
    "langCode": "no",
    "langDefault": false,
    "langOriginal": "Norsk",
    "langTranslated": "Norwegian",
    "name": "",
  },
  {
    "id": 13,
    "langCode": "fa",
    "langDefault": false,
    "langOriginal": "فارسی",
    "langTranslated": "Persian",
    "name": "",
  },
  {
    "id": 37,
    "langCode": "pl",
    "langDefault": false,
    "langOriginal": "Polski",
    "langTranslated": "Polish",
    "name": "",
  },
  {
    "id": 38,
    "langCode": "pt-BR",
    "langDefault": false,
    "langOriginal": "Português (Brasil)",
    "langTranslated": "Portuguese (Brazil)",
    "name": "",
  },
  {
    "id": 39,
    "langCode": "pt-PT",
    "langDefault": false,
    "langOriginal": "Português      (Portugal)",
    "langTranslated": "Portuguese (Portugal)",
    "name": "",
  },
  {
    "id": 36,
    "langCode": "pa",
    "langDefault": false,
    "langOriginal": "ਪੰਜਾਬੀ",
    "langTranslated": "Punjabi",
    "name": "",
  },
  {
    "id": 40,
    "langCode": "ro",
    "langDefault": false,
    "langOriginal": "Română",
    "langTranslated": "Romanian",
    "name": "",
  },
  {
    "id": 41,
    "langCode": "ru",
    "langDefault": false,
    "langOriginal": "Русский",
    "langTranslated": "Russian",
    "name": "",
  },
  {
    "id": 44,
    "langCode": "sr",
    "langDefault": false,
    "langOriginal": "Српски",
    "langTranslated": "Serbian",
    "name": "",
  },
  {
    "id": 42,
    "langCode": "sk",
    "langDefault": false,
    "langOriginal": "Slovenčina",
    "langTranslated": "Slovak",
    "name": "",
  },
  {
    "id": 43,
    "langCode": "sl",
    "langDefault": false,
    "langOriginal": "Slovenščina",
    "langTranslated": "Slovenian",
    "name": "",
  },
  {
    "id": 10,
    "langCode": "es-419",
    "langDefault": false,
    "langOriginal": "Español (Latinoamérica)",
    "langTranslated": "Spanish (Latin America)",
    "name": "",
  },
  {
    "id": 11,
    "langCode": "es-ES",
    "langDefault": false,
    "langOriginal": "Español (España)",
    "langTranslated": "Spanish (Spain)",
    "name": "",
  },
  {
    "id": 46,
    "langCode": "sw",
    "langDefault": false,
    "langOriginal": "Kiswahili",
    "langTranslated": "Swahili",
    "name": "",
  },
  {
    "id": 45,
    "langCode": "sv",
    "langDefault": false,
    "langOriginal": "Svenska",
    "langTranslated": "Swedish",
    "name": "",
  },
  {
    "id": 47,
    "langCode": "ta",
    "langDefault": false,
    "langOriginal": "தமிழ்",
    "langTranslated": "T     amil",
    "name": "",
  },
  {
    "id": 48,
    "langCode": "te",
    "langDefault": false,
    "langOriginal": "తెలుగు",
    "langTranslated": "Telugu",
    "name": "",
  },
  {
    "id": 49,
    "langCode": "th",
    "langDefault": false,
    "langOriginal": "ไทย",
    "langTranslated": "Thai",
    "name": "",
  },
  {
    "id": 50,
    "langCode": "tr",
    "langDefault": false,
    "langOriginal": undefined,
    "langTranslated": "Turkish",
    "name": "",
  },
  {
    "id": 51,
    "langCode": "uk",
    "langDefault": false,
    "langOriginal": "Українська",
    "langTranslated": "Ukrainian",
    "name": "",
  },
  {
    "id": 52,
    "langCode": "vi",
    "langDefault": false,
    "langOriginal": "Tiếng Việt",
    "langTranslated": "Vietnamese",
    "name": "",
  },
]
`;
